
> rest-express@1.0.0 check
> tsc

client/src/components/import/utils.ts(171,1): error TS1005: '}' expected.
